#! /usr/bin/vvp
:ivl_version "13.0 (stable)" "(v13_0-dirty)";
:ivl_delay_selection "TYPICAL";
:vpi_time_precision - 12;
:vpi_module "/usr/lib/ivl/system.vpi";
:vpi_module "/usr/lib/ivl/vhdl_sys.vpi";
:vpi_module "/usr/lib/ivl/vhdl_textio.vpi";
:vpi_module "/usr/lib/ivl/v2005_math.vpi";
:vpi_module "/usr/lib/ivl/va_math.vpi";
:vpi_module "/usr/lib/ivl/v2009.vpi";
S_0x562c5505b060 .scope package, "$unit" "$unit" 2 1;
 .timescale 0 0;
S_0x562c5505b1f0 .scope module, "tb_top" "tb_top" 3 16;
 .timescale -9 -12;
v0x562c5507b8b0_0 .var "btn", 0 0;
v0x562c5507b950_0 .var/i "fallos", 31 0;
v0x562c5507ba30_0 .net "led_btn_alto", 0 0, L_0x562c5507bde0;  1 drivers
v0x562c5507bad0_0 .net "led_inv", 0 0, L_0x562c5507bf80;  1 drivers
v0x562c5507bb70_0 .net "led_normal", 0 0, L_0x562c5504e330;  1 drivers
S_0x562c5505b380 .scope task, "comprobar" "comprobar" 3 37, 3 37 0, S_0x562c5505b1f0;
 .timescale -9 -12;
v0x562c5504de60_0 .var/i "caso", 31 0;
v0x562c5504df00_0 .var "condicion", 0 0;
v0x562c5507a5d0_0 .var "texto", 512 1;
TD_tb_top.comprobar ;
    %load/vec4 v0x562c5504df00_0;
    %flag_set/vec4 8;
    %jmp/0xz  T_0.0, 8;
    %vpi_call/w 3 40 "$display", "[L1] caso %0d: PASS  %0s", v0x562c5504de60_0, v0x562c5507a5d0_0 {0 0 0};
    %jmp T_0.1;
T_0.0 ;
    %vpi_call/w 3 42 "$display", "[L1] caso %0d: FAIL  %0s", v0x562c5504de60_0, v0x562c5507a5d0_0 {0 0 0};
    %load/vec4 v0x562c5507b950_0;
    %addi 1, 0, 32;
    %store/vec4 v0x562c5507b950_0, 0, 32;
T_0.1 ;
    %end;
S_0x562c5507a690 .scope module, "dut_btn_alto" "top" 3 28, 4 26 0, S_0x562c5505b1f0;
 .timescale -9 -12;
    .port_info 0 /INPUT 1 "btn_raw";
    .port_info 1 /OUTPUT 1 "led";
P_0x562c5504db90 .param/l "BUTTON_ACTIVE_LOW" 0 4 27, C4<0>;
P_0x562c5504dbd0 .param/l "LED_ACTIVE_LOW" 0 4 28, C4<0>;
L_0x562c5507bd70 .functor BUFZ 1, v0x562c5507b8b0_0, C4<0>, C4<0>, C4<0>;
L_0x562c5507bde0 .functor BUFZ 1, L_0x562c5507bd70, C4<0>, C4<0>, C4<0>;
v0x562c5507a9c0_0 .net "btn_pressed", 0 0, L_0x562c5507bd70;  1 drivers
v0x562c5507aaa0_0 .net "btn_raw", 0 0, v0x562c5507b8b0_0;  1 drivers
v0x562c5507ab60_0 .net "led", 0 0, L_0x562c5507bde0;  alias, 1 drivers
S_0x562c5507ac60 .scope module, "dut_led_inv" "top" 3 33, 4 26 0, S_0x562c5505b1f0;
 .timescale -9 -12;
    .port_info 0 /INPUT 1 "btn_raw";
    .port_info 1 /OUTPUT 1 "led";
P_0x562c5507ae40 .param/l "BUTTON_ACTIVE_LOW" 0 4 27, C4<1>;
P_0x562c5507ae80 .param/l "LED_ACTIVE_LOW" 0 4 28, C4<1>;
L_0x562c5507bef0 .functor NOT 1, v0x562c5507b8b0_0, C4<0>, C4<0>, C4<0>;
L_0x562c5507bf80 .functor NOT 1, L_0x562c5507bef0, C4<0>, C4<0>, C4<0>;
v0x562c5507afe0_0 .net "btn_pressed", 0 0, L_0x562c5507bef0;  1 drivers
v0x562c5507b0c0_0 .net "btn_raw", 0 0, v0x562c5507b8b0_0;  alias, 1 drivers
v0x562c5507b180_0 .net "led", 0 0, L_0x562c5507bf80;  alias, 1 drivers
S_0x562c5507b240 .scope module, "dut_normal" "top" 3 23, 4 26 0, S_0x562c5505b1f0;
 .timescale -9 -12;
    .port_info 0 /INPUT 1 "btn_raw";
    .port_info 1 /OUTPUT 1 "led";
P_0x562c5507b420 .param/l "BUTTON_ACTIVE_LOW" 0 4 27, C4<1>;
P_0x562c5507b460 .param/l "LED_ACTIVE_LOW" 0 4 28, C4<0>;
L_0x562c5504e2c0 .functor NOT 1, v0x562c5507b8b0_0, C4<0>, C4<0>, C4<0>;
L_0x562c5504e330 .functor BUFZ 1, L_0x562c5504e2c0, C4<0>, C4<0>, C4<0>;
v0x562c5507b5e0_0 .net "btn_pressed", 0 0, L_0x562c5504e2c0;  1 drivers
v0x562c5507b6c0_0 .net "btn_raw", 0 0, v0x562c5507b8b0_0;  alias, 1 drivers
v0x562c5507b7d0_0 .net "led", 0 0, L_0x562c5504e330;  alias, 1 drivers
    .scope S_0x562c5505b1f0;
T_1 ;
    %pushi/vec4 0, 0, 32;
    %store/vec4 v0x562c5507b950_0, 0, 32;
    %end;
    .thread T_1, $init;
    .scope S_0x562c5505b1f0;
T_2 ;
    %vpi_call/w 3 49 "$dumpfile", "dump.vcd" {0 0 0};
    %vpi_call/w 3 50 "$dumpvars", 32'sb00000000000000000000000000000000, S_0x562c5505b1f0 {0 0 0};
    %vpi_call/w 3 52 "$display", "== Hola mundo 2025-0469 \342\200\224 Tang Primer 25K ==" {0 0 0};
    %pushi/vec4 1, 0, 1;
    %store/vec4 v0x562c5507b8b0_0, 0, 1;
    %delay 10000, 0;
    %pushi/vec4 1, 0, 32;
    %store/vec4 v0x562c5504de60_0, 0, 32;
    %load/vec4 v0x562c5507bb70_0;
    %pushi/vec4 0, 0, 1;
    %cmp/e;
    %flag_get/vec4 6;
    %store/vec4 v0x562c5504df00_0, 0, 1;
    %pushi/vec4 0, 0, 32; draw_string_vec4
    %pushi/vec4 0, 0, 32; draw_string_vec4
    %concat/vec4; draw_string_vec4
    %pushi/vec4 0, 0, 32; draw_string_vec4
    %concat/vec4; draw_string_vec4
    %pushi/vec4 0, 0, 32; draw_string_vec4
    %concat/vec4; draw_string_vec4
    %pushi/vec4 0, 0, 32; draw_string_vec4
    %concat/vec4; draw_string_vec4
    %pushi/vec4 101, 0, 32; draw_string_vec4
    %concat/vec4; draw_string_vec4
    %pushi/vec4 1847620197, 0, 32; draw_string_vec4
    %concat/vec4; draw_string_vec4
    %pushi/vec4 1886352239, 0, 32; draw_string_vec4
    %concat/vec4; draw_string_vec4
    %pushi/vec4 539517556, 0, 32; draw_string_vec4
    %concat/vec4; draw_string_vec4
    %pushi/vec4 1851748961, 0, 32; draw_string_vec4
    %concat/vec4; draw_string_vec4
    %pushi/vec4 2000498985, 0, 32; draw_string_vec4
    %concat/vec4; draw_string_vec4
    %pushi/vec4 543517728, 0, 32; draw_string_vec4
    %concat/vec4; draw_string_vec4
    %pushi/vec4 1279607840, 0, 32; draw_string_vec4
    %concat/vec4; draw_string_vec4
    %pushi/vec4 1702065249, 0, 32; draw_string_vec4
    %concat/vec4; draw_string_vec4
    %pushi/vec4 543256673, 0, 32; draw_string_vec4
    %concat/vec4; draw_string_vec4
    %pushi/vec4 1734435951, 0, 32; draw_string_vec4
    %concat/vec4; draw_string_vec4
    %store/vec4 v0x562c5507a5d0_0, 0, 512;
    %fork TD_tb_top.comprobar, S_0x562c5505b380;
    %join;
    %pushi/vec4 0, 0, 1;
    %store/vec4 v0x562c5507b8b0_0, 0, 1;
    %delay 10000, 0;
    %pushi/vec4 2, 0, 32;
    %store/vec4 v0x562c5504de60_0, 0, 32;
    %load/vec4 v0x562c5507bb70_0;
    %pushi/vec4 1, 0, 1;
    %cmp/e;
    %flag_get/vec4 6;
    %store/vec4 v0x562c5504df00_0, 0, 1;
    %pushi/vec4 0, 0, 32; draw_string_vec4
    %pushi/vec4 0, 0, 32; draw_string_vec4
    %concat/vec4; draw_string_vec4
    %pushi/vec4 0, 0, 32; draw_string_vec4
    %concat/vec4; draw_string_vec4
    %pushi/vec4 0, 0, 32; draw_string_vec4
    %concat/vec4; draw_string_vec4
    %pushi/vec4 0, 0, 32; draw_string_vec4
    %concat/vec4; draw_string_vec4
    %pushi/vec4 0, 0, 32; draw_string_vec4
    %concat/vec4; draw_string_vec4
    %pushi/vec4 28789, 0, 32; draw_string_vec4
    %concat/vec4; draw_string_vec4
    %pushi/vec4 1819500900, 0, 32; draw_string_vec4
    %concat/vec4; draw_string_vec4
    %pushi/vec4 1864378466, 0, 32; draw_string_vec4
    %concat/vec4; draw_string_vec4
    %pushi/vec4 1953390450, 0, 32; draw_string_vec4
    %concat/vec4; draw_string_vec4
    %pushi/vec4 1635204400, 0, 32; draw_string_vec4
    %concat/vec4; draw_string_vec4
    %pushi/vec4 689988972, 0, 32; draw_string_vec4
    %concat/vec4; draw_string_vec4
    %pushi/vec4 541869380, 0, 32; draw_string_vec4
    %concat/vec4; draw_string_vec4
    %pushi/vec4 544433440, 0, 32; draw_string_vec4
    %concat/vec4; draw_string_vec4
    %pushi/vec4 1701733225, 0, 32; draw_string_vec4
    %concat/vec4; draw_string_vec4
    %pushi/vec4 1701733477, 0, 32; draw_string_vec4
    %concat/vec4; draw_string_vec4
    %store/vec4 v0x562c5507a5d0_0, 0, 512;
    %fork TD_tb_top.comprobar, S_0x562c5505b380;
    %join;
    %pushi/vec4 1, 0, 1;
    %store/vec4 v0x562c5507b8b0_0, 0, 1;
    %delay 10000, 0;
    %pushi/vec4 3, 0, 32;
    %store/vec4 v0x562c5504de60_0, 0, 32;
    %load/vec4 v0x562c5507bb70_0;
    %pushi/vec4 0, 0, 1;
    %cmp/e;
    %flag_get/vec4 6;
    %store/vec4 v0x562c5504df00_0, 0, 1;
    %pushi/vec4 0, 0, 32; draw_string_vec4
    %pushi/vec4 0, 0, 32; draw_string_vec4
    %concat/vec4; draw_string_vec4
    %pushi/vec4 0, 0, 32; draw_string_vec4
    %concat/vec4; draw_string_vec4
    %pushi/vec4 0, 0, 32; draw_string_vec4
    %concat/vec4; draw_string_vec4
    %pushi/vec4 0, 0, 32; draw_string_vec4
    %concat/vec4; draw_string_vec4
    %pushi/vec4 6384672, 0, 32; draw_string_vec4
    %concat/vec4; draw_string_vec4
    %pushi/vec4 1936682100, 0, 32; draw_string_vec4
    %concat/vec4; draw_string_vec4
    %pushi/vec4 1634869366, 0, 32; draw_string_vec4
    %concat/vec4; draw_string_vec4
    %pushi/vec4 1969581174, 0, 32; draw_string_vec4
    %concat/vec4; draw_string_vec4
    %pushi/vec4 1696620832, 0, 32; draw_string_vec4
    %concat/vec4; draw_string_vec4
    %pushi/vec4 1634754919, 0, 32; draw_string_vec4
    %concat/vec4; draw_string_vec4
    %pushi/vec4 1634890597, 0, 32; draw_string_vec4
    %concat/vec4; draw_string_vec4
    %pushi/vec4 740322927, 0, 32; draw_string_vec4
    %concat/vec4; draw_string_vec4
    %pushi/vec4 544433440, 0, 32; draw_string_vec4
    %concat/vec4; draw_string_vec4
    %pushi/vec4 1701734241, 0, 32; draw_string_vec4
    %concat/vec4; draw_string_vec4
    %pushi/vec4 1852008545, 0, 32; draw_string_vec4
    %concat/vec4; draw_string_vec4
    %store/vec4 v0x562c5507a5d0_0, 0, 512;
    %fork TD_tb_top.comprobar, S_0x562c5505b380;
    %join;
    %pushi/vec4 1, 0, 1;
    %store/vec4 v0x562c5507b8b0_0, 0, 1;
    %delay 10000, 0;
    %pushi/vec4 4, 0, 32;
    %store/vec4 v0x562c5504de60_0, 0, 32;
    %load/vec4 v0x562c5507ba30_0;
    %pushi/vec4 1, 0, 1;
    %cmp/e;
    %flag_get/vec4 6;
    %store/vec4 v0x562c5504df00_0, 0, 1;
    %pushi/vec4 0, 0, 32; draw_string_vec4
    %pushi/vec4 0, 0, 32; draw_string_vec4
    %concat/vec4; draw_string_vec4
    %pushi/vec4 0, 0, 32; draw_string_vec4
    %concat/vec4; draw_string_vec4
    %pushi/vec4 66, 0, 32; draw_string_vec4
    %concat/vec4; draw_string_vec4
    %pushi/vec4 1431589967, 0, 32; draw_string_vec4
    %concat/vec4; draw_string_vec4
    %pushi/vec4 1314865475, 0, 32; draw_string_vec4
    %concat/vec4; draw_string_vec4
    %pushi/vec4 1414092357, 0, 32; draw_string_vec4
    %concat/vec4; draw_string_vec4
    %pushi/vec4 1598836567, 0, 32; draw_string_vec4
    %concat/vec4; draw_string_vec4
    %pushi/vec4 1026564201, 0, 32; draw_string_vec4
    %concat/vec4; draw_string_vec4
    %pushi/vec4 1853253989, 0, 32; draw_string_vec4
    %concat/vec4; draw_string_vec4
    %pushi/vec4 1920230688, 0, 32; draw_string_vec4
    %concat/vec4; draw_string_vec4
    %pushi/vec4 1818304620, 0, 32; draw_string_vec4
    %concat/vec4; draw_string_vec4
    %pushi/vec4 1701016693, 0, 32; draw_string_vec4
    %concat/vec4; draw_string_vec4
    %pushi/vec4 1918967908, 0, 32; draw_string_vec4
    %concat/vec4; draw_string_vec4
    %pushi/vec4 1701584994, 0, 32; draw_string_vec4
    %concat/vec4; draw_string_vec4
    %pushi/vec4 1869901678, 0, 32; draw_string_vec4
    %concat/vec4; draw_string_vec4
    %store/vec4 v0x562c5507a5d0_0, 0, 512;
    %fork TD_tb_top.comprobar, S_0x562c5505b380;
    %join;
    %pushi/vec4 0, 0, 1;
    %store/vec4 v0x562c5507b8b0_0, 0, 1;
    %delay 10000, 0;
    %pushi/vec4 5, 0, 32;
    %store/vec4 v0x562c5504de60_0, 0, 32;
    %load/vec4 v0x562c5507bad0_0;
    %pushi/vec4 0, 0, 1;
    %cmp/e;
    %flag_get/vec4 6;
    %store/vec4 v0x562c5504df00_0, 0, 1;
    %pushi/vec4 0, 0, 32; draw_string_vec4
    %pushi/vec4 0, 0, 32; draw_string_vec4
    %concat/vec4; draw_string_vec4
    %pushi/vec4 0, 0, 32; draw_string_vec4
    %concat/vec4; draw_string_vec4
    %pushi/vec4 0, 0, 32; draw_string_vec4
    %concat/vec4; draw_string_vec4
    %pushi/vec4 1279607903, 0, 32; draw_string_vec4
    %concat/vec4; draw_string_vec4
    %pushi/vec4 1094931529, 0, 32; draw_string_vec4
    %concat/vec4; draw_string_vec4
    %pushi/vec4 1447386956, 0, 32; draw_string_vec4
    %concat/vec4; draw_string_vec4
    %pushi/vec4 1331117361, 0, 32; draw_string_vec4
    %concat/vec4; draw_string_vec4
    %pushi/vec4 543780470, 0, 32; draw_string_vec4
    %concat/vec4; draw_string_vec4
    %pushi/vec4 1768256116, 0, 32; draw_string_vec4
    %concat/vec4; draw_string_vec4
    %pushi/vec4 1696623713, 0, 32; draw_string_vec4
    %concat/vec4; draw_string_vec4
    %pushi/vec4 544432492, 0, 32; draw_string_vec4
    %concat/vec4; draw_string_vec4
    %pushi/vec4 1768186144, 0, 32; draw_string_vec4
    %concat/vec4; draw_string_vec4
    %pushi/vec4 1751212905, 0, 32; draw_string_vec4
    %concat/vec4; draw_string_vec4
    %pushi/vec4 1629513068, 0, 32; draw_string_vec4
    %concat/vec4; draw_string_vec4
    %pushi/vec4 544237934, 0, 32; draw_string_vec4
    %concat/vec4; draw_string_vec4
    %store/vec4 v0x562c5507a5d0_0, 0, 512;
    %fork TD_tb_top.comprobar, S_0x562c5505b380;
    %join;
    %vpi_call/w 3 72 "$display", "== fallos: %0d ==", v0x562c5507b950_0 {0 0 0};
    %load/vec4 v0x562c5507b950_0;
    %cmpi/e 0, 0, 32;
    %jmp/0xz  T_2.0, 4;
    %vpi_call/w 3 74 "$display", "== el toolchain funciona de punta a punta ==" {0 0 0};
T_2.0 ;
    %vpi_call/w 3 75 "$finish" {0 0 0};
    %end;
    .thread T_2;
# The file index is used to find the file name in the following table.
:file_names 5;
    "N/A";
    "<interactive>";
    "-";
    "tb/tb_top.v";
    "src/top.v";
